// Jest Snapshot v1, https://goo.gl/fbAQLP

exports[`addSnapshotSerializer toMatchSnapshot object 1`] = `{"foo":"bar"}`;

exports[`addSnapshotSerializer toMatchSnapshot string 1`] = `"FOOBAR"`;
