exports[`snapshot 1`] = `
Array [
  Object {
    "foo": "bar",
  },
]
`;