exports[`snapshot 1`] = `
[
  {
    "foo": "bar",
  },
]
`;