// Jest Snapshot v1, https://goo.gl/fbAQLP

exports[`toThrowErrorMatchingSnapshot 1`] = `"error"`;
