// Vitest Snapshot v1

exports[`toThrowErrorMatchingSnapshot 1`] = `"error"`;
